000 print"the quick brown fox jumps over the lazy dog 0123456789"
001 print"the quick brown fox jumps over the lazy dog 0123456789"
002 print"the quick brown fox jumps over the lazy dog 0123456789"
003 print"the quick brown fox jumps over the lazy dog 0123456789"
004 print"the quick brown fox jumps over the lazy dog 0123456789"
005 print"the quick brown fox jumps over the lazy dog 0123456789"
006 print"the quick brown fox jumps over the lazy dog 0123456789"
007 print"the quick brown fox jumps over the lazy dog 0123456789"
008 print"the quick brown fox jumps over the lazy dog 0123456789"
009 print"the quick brown fox jumps over the lazy dog 0123456789"
010 print"the quick brown fox jumps over the lazy dog 0123456789"
011 print"the quick brown fox jumps over the lazy dog 0123456789"
012 print"the quick brown fox jumps over the lazy dog 0123456789"
013 print"the quick brown fox jumps over the lazy dog 0123456789"
014 print"the quick brown fox jumps over the lazy dog 0123456789"
015 print"the quick brown fox jumps over the lazy dog 0123456789"
016 print"the quick brown fox jumps over the lazy dog 0123456789"
017 print"the quick brown fox jumps over the lazy dog 0123456789"
018 print"the quick brown fox jumps over the lazy dog 0123456789"
019 print"the quick brown fox jumps over the lazy dog 0123456789"
020 print"the quick brown fox jumps over the lazy dog 0123456789"
021 print"the quick brown fox jumps over the lazy dog 0123456789"
022 print"the quick brown fox jumps over the lazy dog 0123456789"
023 print"the quick brown fox jumps over the lazy dog 0123456789"
024 print"the quick brown fox jumps over the lazy dog 0123456789"
025 print"the quick brown fox jumps over the lazy dog 0123456789"
026 print"the quick brown fox jumps over the lazy dog 0123456789"
027 print"the quick brown fox jumps over the lazy dog 0123456789"
028 print"the quick brown fox jumps over the lazy dog 0123456789"
029 print"the quick brown fox jumps over the lazy dog 0123456789"
030 print"the quick brown fox jumps over the lazy dog 0123456789"
031 print"the quick brown fox jumps over the lazy dog 0123456789"
032 print"the quick brown fox jumps over the lazy dog 0123456789"
033 print"the quick brown fox jumps over the lazy dog 0123456789"
034 print"the quick brown fox jumps over the lazy dog 0123456789"
035 print"the quick brown fox jumps over the lazy dog 0123456789"
036 print"the quick brown fox jumps over the lazy dog 0123456789"
037 print"the quick brown fox jumps over the lazy dog 0123456789"
038 print"the quick brown fox jumps over the lazy dog 0123456789"
039 print"the quick brown fox jumps over the lazy dog 0123456789"
040 print"the quick brown fox jumps over the lazy dog 0123456789"
041 print"the quick brown fox jumps over the lazy dog 0123456789"
042 print"the quick brown fox jumps over the lazy dog 0123456789"
043 print"the quick brown fox jumps over the lazy dog 0123456789"
044 print"the quick brown fox jumps over the lazy dog 0123456789"
045 print"the quick brown fox jumps over the lazy dog 0123456789"
046 print"the quick brown fox jumps over the lazy dog 0123456789"
047 print"the quick brown fox jumps over the lazy dog 0123456789"
048 print"the quick brown fox jumps over the lazy dog 0123456789"
049 print"the quick brown fox jumps over the lazy dog 0123456789"
050 print"the quick brown fox jumps over the lazy dog 0123456789"
051 print"the quick brown fox jumps over the lazy dog 0123456789"
052 print"the quick brown fox jumps over the lazy dog 0123456789"
053 print"the quick brown fox jumps over the lazy dog 0123456789"
054 print"the quick brown fox jumps over the lazy dog 0123456789"
055 print"the quick brown fox jumps over the lazy dog 0123456789"
056 print"the quick brown fox jumps over the lazy dog 0123456789"
057 print"the quick brown fox jumps over the lazy dog 0123456789"
058 print"the quick brown fox jumps over the lazy dog 0123456789"
059 print"the quick brown fox jumps over the lazy dog 0123456789"
060 print"the quick brown fox jumps over the lazy dog 0123456789"
061 print"the quick brown fox jumps over the lazy dog 0123456789"
062 print"the quick brown fox jumps over the lazy dog 0123456789"
063 print"the quick brown fox jumps over the lazy dog 0123456789"
064 print"the quick brown fox jumps over the lazy dog 0123456789"
065 print"the quick brown fox jumps over the lazy dog 0123456789"
066 print"the quick brown fox jumps over the lazy dog 0123456789"
067 print"the quick brown fox jumps over the lazy dog 0123456789"
068 print"the quick brown fox jumps over the lazy dog 0123456789"
069 print"the quick brown fox jumps over the lazy dog 0123456789"
070 print"the quick brown fox jumps over the lazy dog 0123456789"
071 print"the quick brown fox jumps over the lazy dog 0123456789"
072 print"the quick brown fox jumps over the lazy dog 0123456789"
073 print"the quick brown fox jumps over the lazy dog 0123456789"
074 print"the quick brown fox jumps over the lazy dog 0123456789"
075 print"the quick brown fox jumps over the lazy dog 0123456789"
076 print"the quick brown fox jumps over the lazy dog 0123456789"
077 print"the quick brown fox jumps over the lazy dog 0123456789"
078 print"the quick brown fox jumps over the lazy dog 0123456789"
079 print"the quick brown fox jumps over the lazy dog 0123456789"
080 print"the quick brown fox jumps over the lazy dog 0123456789"
081 print"the quick brown fox jumps over the lazy dog 0123456789"
082 print"the quick brown fox jumps over the lazy dog 0123456789"
083 print"the quick brown fox jumps over the lazy dog 0123456789"
084 print"the quick brown fox jumps over the lazy dog 0123456789"
085 print"the quick brown fox jumps over the lazy dog 0123456789"
086 print"the quick brown fox jumps over the lazy dog 0123456789"
087 print"the quick brown fox jumps over the lazy dog 0123456789"
088 print"the quick brown fox jumps over the lazy dog 0123456789"
089 print"the quick brown fox jumps over the lazy dog 0123456789"
090 print"the quick brown fox jumps over the lazy dog 0123456789"
091 print"the quick brown fox jumps over the lazy dog 0123456789"
092 print"the quick brown fox jumps over the lazy dog 0123456789"
093 print"the quick brown fox jumps over the lazy dog 0123456789"
094 print"the quick brown fox jumps over the lazy dog 0123456789"
095 print"the quick brown fox jumps over the lazy dog 0123456789"
096 print"the quick brown fox jumps over the lazy dog 0123456789"
097 print"the quick brown fox jumps over the lazy dog 0123456789"
098 print"the quick brown fox jumps over the lazy dog 0123456789"
099 print"the quick brown fox jumps over the lazy dog 0123456789"
100 print"the quick brown fox jumps over the lazy dog 0123456789"
101 print"the quick brown fox jumps over the lazy dog 0123456789"
102 print"the quick brown fox jumps over the lazy dog 0123456789"
103 print"the quick brown fox jumps over the lazy dog 0123456789"
104 print"the quick brown fox jumps over the lazy dog 0123456789"
105 print"the quick brown fox jumps over the lazy dog 0123456789"
106 print"the quick brown fox jumps over the lazy dog 0123456789"
107 print"the quick brown fox jumps over the lazy dog 0123456789"
108 print"the quick brown fox jumps over the lazy dog 0123456789"
109 print"the quick brown fox jumps over the lazy dog 0123456789"
110 print"the quick brown fox jumps over the lazy dog 0123456789"
111 print"the quick brown fox jumps over the lazy dog 0123456789"
112 print"the quick brown fox jumps over the lazy dog 0123456789"
113 print"the quick brown fox jumps over the lazy dog 0123456789"
114 print"the quick brown fox jumps over the lazy dog 0123456789"
115 print"the quick brown fox jumps over the lazy dog 0123456789"
116 print"the quick brown fox jumps over the lazy dog 0123456789"
117 print"the quick brown fox jumps over the lazy dog 0123456789"
118 print"the quick brown fox jumps over the lazy dog 0123456789"
119 print"the quick brown fox jumps over the lazy dog 0123456789"
120 print"the quick brown fox jumps over the lazy dog 0123456789"
121 print"the quick brown fox jumps over the lazy dog 0123456789"
122 print"the quick brown fox jumps over the lazy dog 0123456789"
123 print"the quick brown fox jumps over the lazy dog 0123456789"
124 print"the quick brown fox jumps over the lazy dog 0123456789"
125 print"the quick brown fox jumps over the lazy dog 0123456789"
126 print"the quick brown fox jumps over the lazy dog 0123456789"
127 print"the quick brown fox jumps over the lazy dog 0123456789"
128 print"the quick brown fox jumps over the lazy dog 0123456789"
129 print"the quick brown fox jumps over the lazy dog 0123456789"
130 print"the quick brown fox jumps over the lazy dog 0123456789"
131 print"the quick brown fox jumps over the lazy dog 0123456789"
132 print"the quick brown fox jumps over the lazy dog 0123456789"
133 print"the quick brown fox jumps over the lazy dog 0123456789"
134 print"the quick brown fox jumps over the lazy dog 0123456789"
135 print"the quick brown fox jumps over the lazy dog 0123456789"
136 print"the quick brown fox jumps over the lazy dog 0123456789"
137 print"the quick brown fox jumps over the lazy dog 0123456789"
138 print"the quick brown fox jumps over the lazy dog 0123456789"
139 print"the quick brown fox jumps over the lazy dog 0123456789"
140 print"the quick brown fox jumps over the lazy dog 0123456789"
141 print"the quick brown fox jumps over the lazy dog 0123456789"
142 print"the quick brown fox jumps over the lazy dog 0123456789"
143 print"the quick brown fox jumps over the lazy dog 0123456789"
144 print"the quick brown fox jumps over the lazy dog 0123456789"
145 print"the quick brown fox jumps over the lazy dog 0123456789"
146 print"the quick brown fox jumps over the lazy dog 0123456789"
147 print"the quick brown fox jumps over the lazy dog 0123456789"
148 print"the quick brown fox jumps over the lazy dog 0123456789"
149 print"the quick brown fox jumps over the lazy dog 0123456789"
150 print"the quick brown fox jumps over the lazy dog 0123456789"
151 print"the quick brown fox jumps over the lazy dog 0123456789"
152 print"the quick brown fox jumps over the lazy dog 0123456789"
153 print"the quick brown fox jumps over the lazy dog 0123456789"
154 print"the quick brown fox jumps over the lazy dog 0123456789"
155 print"the quick brown fox jumps over the lazy dog 0123456789"
156 print"the quick brown fox jumps over the lazy dog 0123456789"
157 print"the quick brown fox jumps over the lazy dog 0123456789"
158 print"the quick brown fox jumps over the lazy dog 0123456789"
159 print"the quick brown fox jumps over the lazy dog 0123456789"
160 print"the quick brown fox jumps over the lazy dog 0123456789"
161 print"the quick brown fox jumps over the lazy dog 0123456789"
162 print"the quick brown fox jumps over the lazy dog 0123456789"
163 print"the quick brown fox jumps over the lazy dog 0123456789"
164 print"the quick brown fox jumps over the lazy dog 0123456789"
165 print"the quick brown fox jumps over the lazy dog 0123456789"
166 print"the quick brown fox jumps over the lazy dog 0123456789"
167 print"the quick brown fox jumps over the lazy dog 0123456789"
168 print"the quick brown fox jumps over the lazy dog 0123456789"
169 print"the quick brown fox jumps over the lazy dog 0123456789"
170 print"the quick brown fox jumps over the lazy dog 0123456789"
171 print"the quick brown fox jumps over the lazy dog 0123456789"
172 print"the quick brown fox jumps over the lazy dog 0123456789"
173 print"the quick brown fox jumps over the lazy dog 0123456789"
174 print"the quick brown fox jumps over the lazy dog 0123456789"
175 print"the quick brown fox jumps over the lazy dog 0123456789"
176 print"the quick brown fox jumps over the lazy dog 0123456789"
177 print"the quick brown fox jumps over the lazy dog 0123456789"
178 print"the quick brown fox jumps over the lazy dog 0123456789"
179 print"the quick brown fox jumps over the lazy dog 0123456789"
180 print"the quick brown fox jumps over the lazy dog 0123456789"
181 print"the quick brown fox jumps over the lazy dog 0123456789"
182 print"the quick brown fox jumps over the lazy dog 0123456789"
183 print"the quick brown fox jumps over the lazy dog 0123456789"
184 print"the quick brown fox jumps over the lazy dog 0123456789"
185 print"the quick brown fox jumps over the lazy dog 0123456789"
186 print"the quick brown fox jumps over the lazy dog 0123456789"
187 print"the quick brown fox jumps over the lazy dog 0123456789"
188 print"the quick brown fox jumps over the lazy dog 0123456789"
189 print"the quick brown fox jumps over the lazy dog 0123456789"
190 print"the quick brown fox jumps over the lazy dog 0123456789"
191 print"the quick brown fox jumps over the lazy dog 0123456789"
192 print"the quick brown fox jumps over the lazy dog 0123456789"
193 print"the quick brown fox jumps over the lazy dog 0123456789"
194 print"the quick brown fox jumps over the lazy dog 0123456789"
195 print"the quick brown fox jumps over the lazy dog 0123456789"
196 print"the quick brown fox jumps over the lazy dog 0123456789"
197 print"the quick brown fox jumps over the lazy dog 0123456789"
198 print"the quick brown fox jumps over the lazy dog 0123456789"
199 print"the quick brown fox jumps over the lazy dog 0123456789"
200 print"the quick brown fox jumps over the lazy dog 0123456789"
201 print"the quick brown fox jumps over the lazy dog 0123456789"
202 print"the quick brown fox jumps over the lazy dog 0123456789"
203 print"the quick brown fox jumps over the lazy dog 0123456789"
204 print"the quick brown fox jumps over the lazy dog 0123456789"
205 print"the quick brown fox jumps over the lazy dog 0123456789"
206 print"the quick brown fox jumps over the lazy dog 0123456789"
207 print"the quick brown fox jumps over the lazy dog 0123456789"
208 print"the quick brown fox jumps over the lazy dog 0123456789"
209 print"the quick brown fox jumps over the lazy dog 0123456789"
210 print"the quick brown fox jumps over the lazy dog 0123456789"
211 print"the quick brown fox jumps over the lazy dog 0123456789"
212 print"the quick brown fox jumps over the lazy dog 0123456789"
213 print"the quick brown fox jumps over the lazy dog 0123456789"
214 print"the quick brown fox jumps over the lazy dog 0123456789"
215 print"the quick brown fox jumps over the lazy dog 0123456789"
216 print"the quick brown fox jumps over the lazy dog 0123456789"
217 print"the quick brown fox jumps over the lazy dog 0123456789"
218 print"the quick brown fox jumps over the lazy dog 0123456789"
219 print"the quick brown fox jumps over the lazy dog 0123456789"
220 print"the quick brown fox jumps over the lazy dog 0123456789"
221 print"the quick brown fox jumps over the lazy dog 0123456789"
222 print"the quick brown fox jumps over the lazy dog 0123456789"
223 print"the quick brown fox jumps over the lazy dog 0123456789"
224 print"the quick brown fox jumps over the lazy dog 0123456789"
225 print"the quick brown fox jumps over the lazy dog 0123456789"
226 print"the quick brown fox jumps over the lazy dog 0123456789"
227 print"the quick brown fox jumps over the lazy dog 0123456789"
228 print"the quick brown fox jumps over the lazy dog 0123456789"
229 print"the quick brown fox jumps over the lazy dog 0123456789"
230 print"the quick brown fox jumps over the lazy dog 0123456789"
231 print"the quick brown fox jumps over the lazy dog 0123456789"
232 print"the quick brown fox jumps over the lazy dog 0123456789"
233 print"the quick brown fox jumps over the lazy dog 0123456789"
234 print"the quick brown fox jumps over the lazy dog 0123456789"
235 print"the quick brown fox jumps over the lazy dog 0123456789"
236 print"the quick brown fox jumps over the lazy dog 0123456789"
237 print"the quick brown fox jumps over the lazy dog 0123456789"
238 print"the quick brown fox jumps over the lazy dog 0123456789"
239 print"the quick brown fox jumps over the lazy dog 0123456789"
240 print"the quick brown fox jumps over the lazy dog 0123456789"
241 print"the quick brown fox jumps over the lazy dog 0123456789"
242 print"the quick brown fox jumps over the lazy dog 0123456789"
243 print"the quick brown fox jumps over the lazy dog 0123456789"
244 print"the quick brown fox jumps over the lazy dog 0123456789"
245 print"the quick brown fox jumps over the lazy dog 0123456789"
246 print"the quick brown fox jumps over the lazy dog 0123456789"
247 print"the quick brown fox jumps over the lazy dog 0123456789"
248 print"the quick brown fox jumps over the lazy dog 0123456789"
249 print"the quick brown fox jumps over the lazy dog 0123456789"
250 print"the quick brown fox jumps over the lazy dog 0123456789"
251 print"the quick brown fox jumps over the lazy dog 0123456789"
252 print"the quick brown fox jumps over the lazy dog 0123456789"
253 print"the quick brown fox jumps over the lazy dog 0123456789"
254 print"the quick brown fox jumps over the lazy dog 0123456789"
255 print"the quick brown fox jumps over the lazy dog 0123456789"
256 print"the quick brown fox jumps over the lazy dog 0123456789"
257 print"the quick brown fox jumps over the lazy dog 0123456789"
258 print"the quick brown fox jumps over the lazy dog 0123456789"
259 print"the quick brown fox jumps over the lazy dog 0123456789"
260 print"the quick brown fox jumps over the lazy dog 0123456789"
261 print"the quick brown fox jumps over the lazy dog 0123456789"
262 print"the quick brown fox jumps over the lazy dog 0123456789"
263 print"the quick brown fox jumps over the lazy dog 0123456789"
264 print"the quick brown fox jumps over the lazy dog 0123456789"
265 print"the quick brown fox jumps over the lazy dog 0123456789"
266 print"the quick brown fox jumps over the lazy dog 0123456789"
267 print"the quick brown fox jumps over the lazy dog 0123456789"
268 print"the quick brown fox jumps over the lazy dog 0123456789"
269 print"the quick brown fox jumps over the lazy dog 0123456789"
270 print"the quick brown fox jumps over the lazy dog 0123456789"
271 print"the quick brown fox jumps over the lazy dog 0123456789"
272 print"the quick brown fox jumps over the lazy dog 0123456789"
273 print"the quick brown fox jumps over the lazy dog 0123456789"
274 print"the quick brown fox jumps over the lazy dog 0123456789"
275 print"the quick brown fox jumps over the lazy dog 0123456789"
276 print"the quick brown fox jumps over the lazy dog 0123456789"
277 print"the quick brown fox jumps over the lazy dog 0123456789"
278 print"the quick brown fox jumps over the lazy dog 0123456789"
279 print"the quick brown fox jumps over the lazy dog 0123456789"
280 print"the quick brown fox jumps over the lazy dog 0123456789"
281 print"the quick brown fox jumps over the lazy dog 0123456789"
282 print"the quick brown fox jumps over the lazy dog 0123456789"
283 print"the quick brown fox jumps over the lazy dog 0123456789"
284 print"the quick brown fox jumps over the lazy dog 0123456789"
285 print"the quick brown fox jumps over the lazy dog 0123456789"
286 print"the quick brown fox jumps over the lazy dog 0123456789"
287 print"the quick brown fox jumps over the lazy dog 0123456789"
288 print"the quick brown fox jumps over the lazy dog 0123456789"
289 print"the quick brown fox jumps over the lazy dog 0123456789"
290 print"the quick brown fox jumps over the lazy dog 0123456789"
291 print"the quick brown fox jumps over the lazy dog 0123456789"
292 print"the quick brown fox jumps over the lazy dog 0123456789"
293 print"the quick brown fox jumps over the lazy dog 0123456789"
294 print"the quick brown fox jumps over the lazy dog 0123456789"
295 print"the quick brown fox jumps over the lazy dog 0123456789"
296 print"the quick brown fox jumps over the lazy dog 0123456789"
297 print"the quick brown fox jumps over the lazy dog 0123456789"
298 print"the quick brown fox jumps over the lazy dog 0123456789"
299 print"the quick brown fox jumps over the lazy dog 0123456789"
300 print"the quick brown fox jumps over the lazy dog 0123456789"
301 print"the quick brown fox jumps over the lazy dog 0123456789"
302 print"the quick brown fox jumps over the lazy dog 0123456789"
303 print"the quick brown fox jumps over the lazy dog 0123456789"
304 print"the quick brown fox jumps over the lazy dog 0123456789"
305 print"the quick brown fox jumps over the lazy dog 0123456789"
306 print"the quick brown fox jumps over the lazy dog 0123456789"
307 print"the quick brown fox jumps over the lazy dog 0123456789"
308 print"the quick brown fox jumps over the lazy dog 0123456789"
309 print"the quick brown fox jumps over the lazy dog 0123456789"
310 print"the quick brown fox jumps over the lazy dog 0123456789"
311 print"the quick brown fox jumps over the lazy dog 0123456789"
312 print"the quick brown fox jumps over the lazy dog 0123456789"
313 print"the quick brown fox jumps over the lazy dog 0123456789"
314 print"the quick brown fox jumps over the lazy dog 0123456789"
315 print"the quick brown fox jumps over the lazy dog 0123456789"
316 print"the quick brown fox jumps over the lazy dog 0123456789"
317 print"the quick brown fox jumps over the lazy dog 0123456789"
318 print"the quick brown fox jumps over the lazy dog 0123456789"
319 print"the quick brown fox jumps over the lazy dog 0123456789"
320 print"the quick brown fox jumps over the lazy dog 0123456789"
321 print"the quick brown fox jumps over the lazy dog 0123456789"
322 print"the quick brown fox jumps over the lazy dog 0123456789"
323 print"the quick brown fox jumps over the lazy dog 0123456789"
324 print"the quick brown fox jumps over the lazy dog 0123456789"
325 print"the quick brown fox jumps over the lazy dog 0123456789"
326 print"the quick brown fox jumps over the lazy dog 0123456789"
327 print"the quick brown fox jumps over the lazy dog 0123456789"
328 print"the quick brown fox jumps over the lazy dog 0123456789"
329 print"the quick brown fox jumps over the lazy dog 0123456789"
330 print"the quick brown fox jumps over the lazy dog 0123456789"
331 print"the quick brown fox jumps over the lazy dog 0123456789"
332 print"the quick brown fox jumps over the lazy dog 0123456789"
333 print"the quick brown fox jumps over the lazy dog 0123456789"
334 print"the quick brown fox jumps over the lazy dog 0123456789"
335 print"the quick brown fox jumps over the lazy dog 0123456789"
336 print"the quick brown fox jumps over the lazy dog 0123456789"
337 print"the quick brown fox jumps over the lazy dog 0123456789"
338 print"the quick brown fox jumps over the lazy dog 0123456789"
339 print"the quick brown fox jumps over the lazy dog 0123456789"
340 print"the quick brown fox jumps over the lazy dog 0123456789"
341 print"the quick brown fox jumps over the lazy dog 0123456789"
342 print"the quick brown fox jumps over the lazy dog 0123456789"
343 print"the quick brown fox jumps over the lazy dog 0123456789"
344 print"the quick brown fox jumps over the lazy dog 0123456789"
345 print"the quick brown fox jumps over the lazy dog 0123456789"
346 print"the quick brown fox jumps over the lazy dog 0123456789"
347 print"the quick brown fox jumps over the lazy dog 0123456789"
348 print"the quick brown fox jumps over the lazy dog 0123456789"
349 print"the quick brown fox jumps over the lazy dog 0123456789"
350 print"the quick brown fox jumps over the lazy dog 0123456789"
351 print"the quick brown fox jumps over the lazy dog 0123456789"
352 print"the quick brown fox jumps over the lazy dog 0123456789"
353 print"the quick brown fox jumps over the lazy dog 0123456789"
354 print"the quick brown fox jumps over the lazy dog 0123456789"
355 print"the quick brown fox jumps over the lazy dog 0123456789"
356 print"the quick brown fox jumps over the lazy dog 0123456789"
357 print"the quick brown fox jumps over the lazy dog 0123456789"
358 print"the quick brown fox jumps over the lazy dog 0123456789"
359 print"the quick brown fox jumps over the lazy dog 0123456789"
360 print"the quick brown fox jumps over the lazy dog 0123456789"
361 print"the quick brown fox jumps over the lazy dog 0123456789"
362 print"the quick brown fox jumps over the lazy dog 0123456789"
363 print"the quick brown fox jumps over the lazy dog 0123456789"
364 print"the quick brown fox jumps over the lazy dog 0123456789"
365 print"the quick brown fox jumps over the lazy dog 0123456789"
366 print"the quick brown fox jumps over the lazy dog 0123456789"
367 print"the quick brown fox jumps over the lazy dog 0123456789"
368 print"the quick brown fox jumps over the lazy dog 0123456789"
369 print"the quick brown fox jumps over the lazy dog 0123456789"
370 print"the quick brown fox jumps over the lazy dog 0123456789"
371 print"the quick brown fox jumps over the lazy dog 0123456789"
372 print"the quick brown fox jumps over the lazy dog 0123456789"
373 print"the quick brown fox jumps over the lazy dog 0123456789"
374 print"the quick brown fox jumps over the lazy dog 0123456789"
375 print"the quick brown fox jumps over the lazy dog 0123456789"
376 print"the quick brown fox jumps over the lazy dog 0123456789"
377 print"the quick brown fox jumps over the lazy dog 0123456789"
378 print"the quick brown fox jumps over the lazy dog 0123456789"
379 print"the quick brown fox jumps over the lazy dog 0123456789"
380 print"the quick brown fox jumps over the lazy dog 0123456789"
381 print"the quick brown fox jumps over the lazy dog 0123456789"
382 print"the quick brown fox jumps over the lazy dog 0123456789"
383 print"the quick brown fox jumps over the lazy dog 0123456789"
384 print"the quick brown fox jumps over the lazy dog 0123456789"
385 print"the quick brown fox jumps over the lazy dog 0123456789"
386 print"the quick brown fox jumps over the lazy dog 0123456789"
387 print"the quick brown fox jumps over the lazy dog 0123456789"
388 print"the quick brown fox jumps over the lazy dog 0123456789"
389 print"the quick brown fox jumps over the lazy dog 0123456789"
390 print"the quick brown fox jumps over the lazy dog 0123456789"
391 print"the quick brown fox jumps over the lazy dog 0123456789"
392 print"the quick brown fox jumps over the lazy dog 0123456789"
393 print"the quick brown fox jumps over the lazy dog 0123456789"
394 print"the quick brown fox jumps over the lazy dog 0123456789"
395 print"the quick brown fox jumps over the lazy dog 0123456789"
396 print"the quick brown fox jumps over the lazy dog 0123456789"
397 print"the quick brown fox jumps over the lazy dog 0123456789"
398 print"the quick brown fox jumps over the lazy dog 0123456789"
399 print"the quick brown fox jumps over the lazy dog 0123456789"
400 print"the quick brown fox jumps over the lazy dog 0123456789"
401 print"the quick brown fox jumps over the lazy dog 0123456789"
402 print"the quick brown fox jumps over the lazy dog 0123456789"
403 print"the quick brown fox jumps over the lazy dog 0123456789"
404 print"the quick brown fox jumps over the lazy dog 0123456789"
405 print"the quick brown fox jumps over the lazy dog 0123456789"
406 print"the quick brown fox jumps over the lazy dog 0123456789"
407 print"the quick brown fox jumps over the lazy dog 0123456789"
408 print"the quick brown fox jumps over the lazy dog 0123456789"
409 print"the quick brown fox jumps over the lazy dog 0123456789"
410 print"the quick brown fox jumps over the lazy dog 0123456789"
411 print"the quick brown fox jumps over the lazy dog 0123456789"
412 print"the quick brown fox jumps over the lazy dog 0123456789"
413 print"the quick brown fox jumps over the lazy dog 0123456789"
414 print"the quick brown fox jumps over the lazy dog 0123456789"
415 print"the quick brown fox jumps over the lazy dog 0123456789"
416 print"the quick brown fox jumps over the lazy dog 0123456789"
417 print"the quick brown fox jumps over the lazy dog 0123456789"
418 print"the quick brown fox jumps over the lazy dog 0123456789"
419 print"the quick brown fox jumps over the lazy dog 0123456789"
420 print"the quick brown fox jumps over the lazy dog 0123456789"
421 print"the quick brown fox jumps over the lazy dog 0123456789"
422 print"the quick brown fox jumps over the lazy dog 0123456789"
423 print"the quick brown fox jumps over the lazy dog 0123456789"
424 print"the quick brown fox jumps over the lazy dog 0123456789"
425 print"the quick brown fox jumps over the lazy dog 0123456789"
426 print"the quick brown fox jumps over the lazy dog 0123456789"
427 print"the quick brown fox jumps over the lazy dog 0123456789"
428 print"the quick brown fox jumps over the lazy dog 0123456789"
429 print"the quick brown fox jumps over the lazy dog 0123456789"
430 print"the quick brown fox jumps over the lazy dog 0123456789"
431 print"the quick brown fox jumps over the lazy dog 0123456789"
432 print"the quick brown fox jumps over the lazy dog 0123456789"
433 print"the quick brown fox jumps over the lazy dog 0123456789"
434 print"the quick brown fox jumps over the lazy dog 0123456789"
435 print"the quick brown fox jumps over the lazy dog 0123456789"
436 print"the quick brown fox jumps over the lazy dog 0123456789"
437 print"the quick brown fox jumps over the lazy dog 0123456789"
438 print"the quick brown fox jumps over the lazy dog 0123456789"
439 print"the quick brown fox jumps over the lazy dog 0123456789"
440 print"the quick brown fox jumps over the lazy dog 0123456789"
441 print"the quick brown fox jumps over the lazy dog 0123456789"
442 print"the quick brown fox jumps over the lazy dog 0123456789"
443 print"the quick brown fox jumps over the lazy dog 0123456789"
444 print"the quick brown fox jumps over the lazy dog 0123456789"
445 print"the quick brown fox jumps over the lazy dog 0123456789"
446 print"the quick brown fox jumps over the lazy dog 0123456789"
447 print"the quick brown fox jumps over the lazy dog 0123456789"
448 print"the quick brown fox jumps over the lazy dog 0123456789"
449 print"the quick brown fox jumps over the lazy dog 0123456789"

